This is pdfTeX, Version 3.141592653-2.6-1.40.25 (TeX Live 2023/Debian) (preloaded format=pdflatex 2026.3.6)  6 MAR 2026 17:29
entering extended mode
 restricted \write18 enabled.
 file:line:error style messages enabled.
 %&-line parsing enabled.
**/home/lucazini03/Desktop/ai_in_industry/property_sales_forecasting/AI_in_industry_presentation/main.tex
(/home/lucazini03/Desktop/ai_in_industry/property_sales_forecasting/AI_in_industry_presentation/main.tex
LaTeX2e <2023-11-01> patch level 1
L3 programming layer <2024-01-22>

! LaTeX Error: File `beamer.cls' not found.

Type X to quit or <RETURN> to proceed,
or enter new name. (Default extension: cls)

Enter file name: 
/home/lucazini03/Desktop/ai_in_industry/property_sales_forecasting/AI_in_industry_presentation/main.tex:2: Emergency stop.
<read *> 
         
l.2 \usepackage
               [english]{babel}^^M
*** (cannot \read from terminal in nonstop modes)

 
Here is how much of TeX's memory you used:
 22 strings out of 476182
 733 string characters out of 5795596
 1922975 words of memory out of 5000000
 22122 multiletter control sequences out of 15000+600000
 558069 words of font info for 36 fonts, out of 8000000 for 9000
 14 hyphenation exceptions out of 8191
 19i,0n,29p,173b,17s stack positions out of 10000i,1000n,20000p,200000b,200000s
/home/lucazini03/Desktop/ai_in_industry/property_sales_forecasting/AI_in_industry_presentation/main.tex:2:  ==> Fatal error occurred, no output PDF file produced!
